node.exe : 笞 Warning:
 Next.js inferred your
 workspace root, but i
t may not be correct.
発生場所 行:1 文字:1
+ & "C:\Program Files\
nodejs/node.exe" "C:\P
rogram Files\nodejs/no
de_mo ...
+ ~~~~~~~~~~~~~~~~~~~~
~~~~~~~~~~~~~~~~~~~~~~
~~~~~~~~~~~~~~~~~~~~~~
~~~~~
    + CategoryInfo    
          : NotSpeci  
  fied: (笞 Warning   
 : Nex...not be co    
rrect.:String) []    ,
 RemoteException
    + FullyQualifiedE 
   rrorId : NativeCo  
  mmandError
 
 We detected multiple 
lockfiles and selected
 the directory of C:\U
sers\04kc5\package-loc
k.json as the root dir
ectory.
 To silence this warni
ng, set `outputFileTra
cingRoot` in your Next
.js config, or conside
r removing one of the 
lockfiles if it's not 
needed.
   See https://nextjs.
org/docs/app/api-refer
ence/config/next-confi
g-js/output#caveats fo
r more information.
 Detected additional l
ockfiles: 
   * C:\Users\04kc5\De
sktop\ClaudeCodePJ\min
paku逕ｨ騾泌慍蝓溘メ繧ｧ繝・き繝ｼ\ap
p\package-lock.json

笆ｲ Next.js 16.1.6 (webpack)
- Environments: .env.local

  Creating an optimized production build ...
Failed to compile.

./src/lib/auth.ts
Module not found: Can'
t resolve 'jose'

https://nextjs.org/doc
s/messages/module-not-
found

Import trace for reque
sted module:
./src/app/api/check/ro
ute.ts


> Build failed because
 of webpack errors
